mode: set
github.com/kayushkin/inber/agent/registry/config.go:64.65,66.16 2 1
github.com/kayushkin/inber/agent/registry/config.go:66.16,68.3 1 0
github.com/kayushkin/inber/agent/registry/config.go:69.2,73.16 3 1
github.com/kayushkin/inber/agent/registry/config.go:73.16,75.3 1 0
github.com/kayushkin/inber/agent/registry/config.go:78.2,79.16 2 1
github.com/kayushkin/inber/agent/registry/config.go:79.16,81.3 1 0
github.com/kayushkin/inber/agent/registry/config.go:83.2,83.22 1 1
github.com/kayushkin/inber/agent/registry/config.go:83.22,85.3 1 0
github.com/kayushkin/inber/agent/registry/config.go:88.2,89.27 2 1
github.com/kayushkin/inber/agent/registry/config.go:89.27,97.37 3 1
github.com/kayushkin/inber/agent/registry/config.go:97.37,99.30 2 1
github.com/kayushkin/inber/agent/registry/config.go:99.30,100.24 1 1
github.com/kayushkin/inber/agent/registry/config.go:100.24,102.6 1 1
github.com/kayushkin/inber/agent/registry/config.go:104.4,104.50 1 1
github.com/kayushkin/inber/agent/registry/config.go:108.3,109.17 2 1
github.com/kayushkin/inber/agent/registry/config.go:109.17,111.64 1 1
github.com/kayushkin/inber/agent/registry/config.go:111.64,113.5 1 1
github.com/kayushkin/inber/agent/registry/config.go:115.4,115.55 1 1
github.com/kayushkin/inber/agent/registry/config.go:115.55,116.65 1 1
github.com/kayushkin/inber/agent/registry/config.go:116.65,118.6 1 1
github.com/kayushkin/inber/agent/registry/config.go:121.4,121.59 1 1
github.com/kayushkin/inber/agent/registry/config.go:121.59,122.51 1 1
github.com/kayushkin/inber/agent/registry/config.go:122.51,124.6 1 1
github.com/kayushkin/inber/agent/registry/config.go:127.4,127.70 1 1
github.com/kayushkin/inber/agent/registry/config.go:127.70,129.5 1 1
github.com/kayushkin/inber/agent/registry/config.go:131.4,131.38 1 1
github.com/kayushkin/inber/agent/registry/config.go:131.38,132.19 1 1
github.com/kayushkin/inber/agent/registry/config.go:132.19,134.6 1 1
github.com/kayushkin/inber/agent/registry/config.go:137.4,137.32 1 1
github.com/kayushkin/inber/agent/registry/config.go:137.32,139.57 2 1
github.com/kayushkin/inber/agent/registry/config.go:139.57,141.6 1 1
github.com/kayushkin/inber/agent/registry/config.go:142.5,142.70 1 1
github.com/kayushkin/inber/agent/registry/config.go:142.70,144.6 1 1
github.com/kayushkin/inber/agent/registry/config.go:145.5,145.72 1 1
github.com/kayushkin/inber/agent/registry/config.go:145.72,147.6 1 1
github.com/kayushkin/inber/agent/registry/config.go:152.3,152.22 1 1
github.com/kayushkin/inber/agent/registry/config.go:152.22,154.4 1 0
github.com/kayushkin/inber/agent/registry/config.go:156.3,156.22 1 1
github.com/kayushkin/inber/agent/registry/config.go:160.2,162.37 3 1
github.com/kayushkin/inber/agent/registry/config.go:162.37,164.48 2 1
github.com/kayushkin/inber/agent/registry/config.go:164.48,166.66 2 1
github.com/kayushkin/inber/agent/registry/config.go:166.66,168.5 1 1
github.com/kayushkin/inber/agent/registry/config.go:170.3,170.46 1 1
github.com/kayushkin/inber/agent/registry/config.go:170.46,172.64 2 1
github.com/kayushkin/inber/agent/registry/config.go:172.64,174.5 1 1
github.com/kayushkin/inber/agent/registry/config.go:176.3,176.46 1 1
github.com/kayushkin/inber/agent/registry/config.go:176.46,177.49 1 1
github.com/kayushkin/inber/agent/registry/config.go:177.49,179.5 1 1
github.com/kayushkin/inber/agent/registry/config.go:181.3,181.46 1 1
github.com/kayushkin/inber/agent/registry/config.go:181.46,182.49 1 1
github.com/kayushkin/inber/agent/registry/config.go:182.49,184.5 1 1
github.com/kayushkin/inber/agent/registry/config.go:188.2,192.8 1 1
github.com/kayushkin/inber/agent/registry/config.go:198.85,200.16 2 0
github.com/kayushkin/inber/agent/registry/config.go:200.16,202.3 1 0
github.com/kayushkin/inber/agent/registry/config.go:203.2,203.18 1 0
github.com/kayushkin/inber/agent/registry/registry.go:33.71,35.16 2 1
github.com/kayushkin/inber/agent/registry/registry.go:35.16,37.3 1 0
github.com/kayushkin/inber/agent/registry/registry.go:39.2,50.25 2 1
github.com/kayushkin/inber/agent/registry/registry.go:50.25,54.3 3 0
github.com/kayushkin/inber/agent/registry/registry.go:57.2,59.15 2 1
github.com/kayushkin/inber/agent/registry/registry.go:65.100,67.16 2 1
github.com/kayushkin/inber/agent/registry/registry.go:67.16,69.3 1 0
github.com/kayushkin/inber/agent/registry/registry.go:70.2,70.21 1 1
github.com/kayushkin/inber/agent/registry/registry.go:74.36,79.30 4 1
github.com/kayushkin/inber/agent/registry/registry.go:79.30,81.3 1 1
github.com/kayushkin/inber/agent/registry/registry.go:82.2,82.14 1 1
github.com/kayushkin/inber/agent/registry/registry.go:86.37,90.2 3 1
github.com/kayushkin/inber/agent/registry/registry.go:93.61,97.2 3 1
github.com/kayushkin/inber/agent/registry/registry.go:100.58,104.2 3 1
github.com/kayushkin/inber/agent/registry/registry.go:107.59,111.2 3 1
github.com/kayushkin/inber/agent/registry/registry.go:115.74,121.2 5 1
github.com/kayushkin/inber/agent/registry/registry.go:124.65,129.8 4 1
github.com/kayushkin/inber/agent/registry/registry.go:129.8,131.3 1 1
github.com/kayushkin/inber/agent/registry/registry.go:133.2,134.30 2 1
github.com/kayushkin/inber/agent/registry/registry.go:134.30,135.34 1 1
github.com/kayushkin/inber/agent/registry/registry.go:135.34,137.4 1 1
github.com/kayushkin/inber/agent/registry/registry.go:139.2,139.52 1 1
github.com/kayushkin/inber/agent/registry/registry.go:143.59,148.33 3 1
github.com/kayushkin/inber/agent/registry/registry.go:148.33,150.3 1 1
github.com/kayushkin/inber/agent/registry/registry.go:153.2,154.9 2 1
github.com/kayushkin/inber/agent/registry/registry.go:154.9,156.3 1 1
github.com/kayushkin/inber/agent/registry/registry.go:158.2,159.16 2 1
github.com/kayushkin/inber/agent/registry/registry.go:159.16,161.3 1 0
github.com/kayushkin/inber/agent/registry/registry.go:163.2,164.15 2 1
github.com/kayushkin/inber/agent/registry/registry.go:168.70,173.38 3 1
github.com/kayushkin/inber/agent/registry/registry.go:173.38,175.3 1 0
github.com/kayushkin/inber/agent/registry/registry.go:178.2,179.9 2 1
github.com/kayushkin/inber/agent/registry/registry.go:179.9,181.3 1 0
github.com/kayushkin/inber/agent/registry/registry.go:183.2,184.16 2 1
github.com/kayushkin/inber/agent/registry/registry.go:184.16,186.3 1 0
github.com/kayushkin/inber/agent/registry/registry.go:188.2,189.18 2 1
github.com/kayushkin/inber/agent/registry/registry.go:193.46,197.38 3 1
github.com/kayushkin/inber/agent/registry/registry.go:197.38,200.3 2 1
github.com/kayushkin/inber/agent/registry/registry.go:204.31,208.34 3 1
github.com/kayushkin/inber/agent/registry/registry.go:208.34,210.3 1 0
github.com/kayushkin/inber/agent/registry/registry.go:211.2,211.48 1 1
github.com/kayushkin/inber/agent/registry/registry.go:215.72,220.22 3 1
github.com/kayushkin/inber/agent/registry/registry.go:220.22,222.3 1 1
github.com/kayushkin/inber/agent/registry/registry.go:225.2,225.37 1 1
github.com/kayushkin/inber/agent/registry/registry.go:225.37,227.17 2 1
github.com/kayushkin/inber/agent/registry/registry.go:227.17,229.4 1 0
github.com/kayushkin/inber/agent/registry/registry.go:230.3,230.18 1 1
github.com/kayushkin/inber/agent/registry/registry.go:233.2,233.15 1 1
github.com/kayushkin/inber/agent/registry/spawn_tool.go:26.44,29.16 3 1
github.com/kayushkin/inber/agent/registry/spawn_tool.go:29.16,31.3 1 0
github.com/kayushkin/inber/agent/registry/spawn_tool.go:32.2,34.16 3 1
github.com/kayushkin/inber/agent/registry/spawn_tool.go:34.16,36.3 1 0
github.com/kayushkin/inber/agent/registry/spawn_tool.go:37.2,38.54 2 1
github.com/kayushkin/inber/agent/registry/spawn_tool.go:38.54,40.3 1 1
github.com/kayushkin/inber/agent/registry/spawn_tool.go:41.2,41.15 1 0
github.com/kayushkin/inber/agent/registry/spawn_tool.go:45.38,47.22 2 1
github.com/kayushkin/inber/agent/registry/spawn_tool.go:47.22,49.3 1 1
github.com/kayushkin/inber/agent/registry/spawn_tool.go:50.2,51.27 2 0
github.com/kayushkin/inber/agent/registry/spawn_tool.go:51.27,53.3 1 0
github.com/kayushkin/inber/agent/registry/spawn_tool.go:54.2,54.89 1 0
github.com/kayushkin/inber/agent/registry/spawn_tool.go:58.36,62.27 4 1
github.com/kayushkin/inber/agent/registry/spawn_tool.go:62.27,63.52 1 0
github.com/kayushkin/inber/agent/registry/spawn_tool.go:63.52,66.4 2 0
github.com/kayushkin/inber/agent/registry/spawn_tool.go:68.2,68.15 1 1
github.com/kayushkin/inber/agent/registry/spawn_tool.go:74.48,85.20 5 1
github.com/kayushkin/inber/agent/registry/spawn_tool.go:85.20,87.3 1 0
github.com/kayushkin/inber/agent/registry/spawn_tool.go:89.2,109.62 1 1
github.com/kayushkin/inber/agent/registry/spawn_tool.go:109.62,111.59 2 0
github.com/kayushkin/inber/agent/registry/spawn_tool.go:111.59,113.5 1 0
github.com/kayushkin/inber/agent/registry/spawn_tool.go:115.4,115.22 1 0
github.com/kayushkin/inber/agent/registry/spawn_tool.go:115.22,117.5 1 0
github.com/kayushkin/inber/agent/registry/spawn_tool.go:118.4,118.21 1 0
github.com/kayushkin/inber/agent/registry/spawn_tool.go:118.21,120.5 1 0
github.com/kayushkin/inber/agent/registry/spawn_tool.go:123.4,124.29 2 0
github.com/kayushkin/inber/agent/registry/spawn_tool.go:124.29,126.5 1 0
github.com/kayushkin/inber/agent/registry/spawn_tool.go:129.4,130.23 2 0
github.com/kayushkin/inber/agent/registry/spawn_tool.go:130.23,132.30 2 0
github.com/kayushkin/inber/agent/registry/spawn_tool.go:132.30,133.41 1 0
github.com/kayushkin/inber/agent/registry/spawn_tool.go:133.41,135.12 2 0
github.com/kayushkin/inber/agent/registry/spawn_tool.go:138.5,138.15 1 0
github.com/kayushkin/inber/agent/registry/spawn_tool.go:138.15,140.31 2 0
github.com/kayushkin/inber/agent/registry/spawn_tool.go:140.31,141.20 1 0
github.com/kayushkin/inber/agent/registry/spawn_tool.go:141.20,143.8 1 0
github.com/kayushkin/inber/agent/registry/spawn_tool.go:145.6,145.103 1 0
github.com/kayushkin/inber/agent/registry/spawn_tool.go:150.4,154.29 2 0
github.com/kayushkin/inber/agent/registry/spawn_tool.go:154.29,156.5 1 0
github.com/kayushkin/inber/agent/registry/spawn_tool.go:157.4,161.30 4 0
github.com/kayushkin/inber/agent/registry/spawn_tool.go:161.30,163.5 1 0
github.com/kayushkin/inber/agent/registry/spawn_tool.go:165.4,166.29 2 0
github.com/kayushkin/inber/agent/registry/spawn_tool.go:166.29,168.5 1 0
github.com/kayushkin/inber/agent/registry/spawn_tool.go:170.4,170.126 1 0
github.com/kayushkin/inber/agent/registry/tools.go:19.38,35.2 10 1
github.com/kayushkin/inber/agent/registry/tools.go:38.70,43.2 4 1
github.com/kayushkin/inber/agent/registry/tools.go:47.64,49.2 1 1
github.com/kayushkin/inber/agent/registry/tools.go:52.63,54.2 1 1
github.com/kayushkin/inber/agent/registry/tools.go:57.61,59.9 2 1
github.com/kayushkin/inber/agent/registry/tools.go:59.9,61.3 1 1
github.com/kayushkin/inber/agent/registry/tools.go:62.2,62.18 1 1
github.com/kayushkin/inber/agent/registry/tools.go:66.40,68.28 2 1
github.com/kayushkin/inber/agent/registry/tools.go:68.28,70.3 1 1
github.com/kayushkin/inber/agent/registry/tools.go:71.2,71.14 1 1
